
> flight-finder@0.1.0 build-storybook
> storybook build --output-dir=/var/folders/h1/d9q_vw9j30j11t14_4z0pg_m0000gn/T/chromatic--67869-eJSZEjtgP7pV


[90m┌[39m  Building storybook v10.3.5
[90m│[39m
[32m◇[39m  Cleaning outputDir:
[90m│[39m  [36m../../../../var/folders/h1/d9q_vw9j30j11t14_4z0pg_m0000gn/T/chromatic--67869-eJSZEjtgP7pV[39m
[90m│[39m
[32m◇[39m  Loading presets
[90m│[39m
[32m◇[39m  Building manager..
[90m│[39m
[34m●[39m  Building preview..
[90m│[39m  [43mVite[49m [36mvite v8.0.8 [32mbuilding client environment for production...[36m[39m
[90m│[39m
[34m●[39m  Copying static files: [36mpublic[39m at
[90m│[39m  [36m../../../../var/folders/h1/d9q_vw9j30j11t14_4z0pg_m0000gn/T/chromatic--67869-eJSZEjtgP7pV[39m
[2Ktransforming...✓ 192 modules transformed.
rendering chunks...
computing gzip size...
[90m│[39m  [43mVite[49m
[90m│[39m  ../../../../var/folders/h1/d9q_vw9j30j11t14_4z0pg_m0000gn/T/chromatic--67869-eJSZEjtgP7pV/iframe.html
[90m│[39m  18.77 kB │ gzip:   5.30 kB
[90m│[39m  ../../../../var/folders/h1/d9q_vw9j30j11t14_4z0pg_m0000gn/T/chromatic--67869-eJSZEjtgP7pV/assets/Toggle-wTG4WVsH.css
[90m│[39m  1.66 kB │ gzip:   0.70 kB
[90m│[39m  ../../../../var/folders/h1/d9q_vw9j30j11t14_4z0pg_m0000gn/T/chromatic--67869-eJSZEjtgP7pV/assets/SelectionControl-JJGc9I2N.css
[90m│[39m  2.08 kB │ gzip:   0.71 kB
[90m│[39m  ../../../../var/folders/h1/d9q_vw9j30j11t14_4z0pg_m0000gn/T/chromatic--67869-eJSZEjtgP7pV/assets/Select-BwSKKEsQ.css
[90m│[39m  2.17 kB │ gzip:   0.78 kB
[90m│[39m  ../../../../var/folders/h1/d9q_vw9j30j11t14_4z0pg_m0000gn/T/chromatic--67869-eJSZEjtgP7pV/assets/TextInput-D0G_S3vW.css
[90m│[39m  2.45 kB │ gzip:   0.74 kB
[90m│[39m  ../../../../var/folders/h1/d9q_vw9j30j11t14_4z0pg_m0000gn/T/chromatic--67869-eJSZEjtgP7pV/assets/iframe-BaFv7O23.css
[90m│[39m  2.87 kB │ gzip:   0.85 kB
[90m│[39m  ../../../../var/folders/h1/d9q_vw9j30j11t14_4z0pg_m0000gn/T/chromatic--67869-eJSZEjtgP7pV/assets/Button-BqlVFXN5.css
[90m│[39m  3.86 kB │ gzip:   1.01 kB
[90m│[39m  ../../../../var/folders/h1/d9q_vw9j30j11t14_4z0pg_m0000gn/T/chromatic--67869-eJSZEjtgP7pV/assets/DatePicker-DiPA7ZtR.css
[90m│[39m  4.25 kB │ gzip:   1.04 kB
[90m│[39m  ../../../../var/folders/h1/d9q_vw9j30j11t14_4z0pg_m0000gn/T/chromatic--67869-eJSZEjtgP7pV/assets/ResultCard-dRu5UgZ4.css
[90m│[39m  10.20 kB │ gzip:   2.03 kB
[90m│[39m  ../../../../var/folders/h1/d9q_vw9j30j11t14_4z0pg_m0000gn/T/chromatic--67869-eJSZEjtgP7pV/assets/SearchForm-D-Bjmp30.css
[90m│[39m  11.24 kB │ gzip:   3.11 kB
[90m│[39m  ../../../../var/folders/h1/d9q_vw9j30j11t14_4z0pg_m0000gn/T/chromatic--67869-eJSZEjtgP7pV/assets/jsx-runtime-1mKRgjuZ.js
[90m│[39m  0.42 kB │ gzip:   0.29 kB
[90m│[39m  ../../../../var/folders/h1/d9q_vw9j30j11t14_4z0pg_m0000gn/T/chromatic--67869-eJSZEjtgP7pV/assets/chunk-vNrZSFDR.js
[90m│[39m  1.17 kB │ gzip:   0.65 kB
[90m│[39m  ../../../../var/folders/h1/d9q_vw9j30j11t14_4z0pg_m0000gn/T/chromatic--67869-eJSZEjtgP7pV/assets/preload-helper-BROLHtqz.js
[90m│[39m  1.27 kB │ gzip:   0.74 kB
[90m│[39m  ../../../../var/folders/h1/d9q_vw9j30j11t14_4z0pg_m0000gn/T/chromatic--67869-eJSZEjtgP7pV/assets/Toggle.stories-Cg_r62F6.js
[90m│[39m  2.55 kB │ gzip:   1.18 kB
[90m│[39m  ../../../../var/folders/h1/d9q_vw9j30j11t14_4z0pg_m0000gn/T/chromatic--67869-eJSZEjtgP7pV/assets/react-dom-hrEDBiWN.js
[90m│[39m  3.63 kB │ gzip:   1.39 kB
[90m│[39m  ../../../../var/folders/h1/d9q_vw9j30j11t14_4z0pg_m0000gn/T/chromatic--67869-eJSZEjtgP7pV/assets/TextInput.stories-CAeLb__k.js
[90m│[39m  4.34 kB │ gzip:   1.72 kB
[90m│[39m  ../../../../var/folders/h1/d9q_vw9j30j11t14_4z0pg_m0000gn/T/chromatic--67869-eJSZEjtgP7pV/assets/Select.stories-DT9FWHcD.js
[90m│[39m  4.78 kB │ gzip:   2.01 kB
[90m│[39m  ../../../../var/folders/h1/d9q_vw9j30j11t14_4z0pg_m0000gn/T/chromatic--67869-eJSZEjtgP7pV/assets/SelectionControl.stories-DM6YitbK.js
[90m│[39m  4.88 kB │ gzip:   1.60 kB
[90m│[39m  ../../../../var/folders/h1/d9q_vw9j30j11t14_4z0pg_m0000gn/T/chromatic--67869-eJSZEjtgP7pV/assets/Button.stories-Mv1BZn9s.js
[90m│[39m  4.88 kB │ gzip:   1.76 kB
[90m│[39m  ../../../../var/folders/h1/d9q_vw9j30j11t14_4z0pg_m0000gn/T/chromatic--67869-eJSZEjtgP7pV/assets/DatePicker.stories-D_X6NAyI.js
[90m│[39m  6.66 kB │ gzip:   2.45 kB
[90m│[39m  ../../../../var/folders/h1/d9q_vw9j30j11t14_4z0pg_m0000gn/T/chromatic--67869-eJSZEjtgP7pV/assets/react-KkzZQhs-.js
[90m│[39m  7.89 kB │ gzip:   3.02 kB
[90m│[39m  ../../../../var/folders/h1/d9q_vw9j30j11t14_4z0pg_m0000gn/T/chromatic--67869-eJSZEjtgP7pV/assets/ResultCard.stories-S-ezUIbf.js
[90m│[39m  8.40 kB │ gzip:   2.96 kB
[90m│[39m  ../../../../var/folders/h1/d9q_vw9j30j11t14_4z0pg_m0000gn/T/chromatic--67869-eJSZEjtgP7pV/assets/TokenShowcase.stories-Cplo3Epn.js
[90m│[39m  15.34 kB │ gzip:   3.03 kB
[90m│[39m  ../../../../var/folders/h1/d9q_vw9j30j11t14_4z0pg_m0000gn/T/chromatic--67869-eJSZEjtgP7pV/vite-inject-mocker-entry.js
[90m│[39m  27.85 kB │ gzip:   9.64 kB
[90m│[39m  ../../../../var/folders/h1/d9q_vw9j30j11t14_4z0pg_m0000gn/T/chromatic--67869-eJSZEjtgP7pV/assets/SearchForm.stories-BXx6GKeZ.js
[90m│[39m  79.64 kB │ gzip:  21.20 kB
[90m│[39m  ../../../../var/folders/h1/d9q_vw9j30j11t14_4z0pg_m0000gn/T/chromatic--67869-eJSZEjtgP7pV/assets/react-18-Chpa3Cw7.js
[90m│[39m  204.24 kB │ gzip:  64.14 kB
[90m│[39m  ../../../../var/folders/h1/d9q_vw9j30j11t14_4z0pg_m0000gn/T/chromatic--67869-eJSZEjtgP7pV/assets/iframe-B2lWODCV.js
[90m│[39m  1,229.06 kB │ gzip: 340.52 kB

[90m│[39m
[33m▲[39m  [43mVite[49m [33m[plugin builtin:vite-reporter]
[90m│[39m  (!) Some chunks are larger than 500 kB after minification. Consider:
[90m│[39m  - Using dynamic import() to code-split the application
[90m│[39m  - Use build.rolldownOptions.output.codeSplitting to improve chunking:
[90m│[39m  ]8;;https://rolldown.rs/reference/OutputOptions.codeSplittinghttps://rolldown.rs/reference/OutputOptions.codeSplitting]8;;
[90m│[39m  - Adjust chunk size limit for this warning via
[90m│[39m  build.chunkSizeWarningLimit.[39m
[90m│[39m  [43mVite[49m [32m✓ built in 970ms[39m
[90m│[39m
[32m◇[39m  Output directory:
[90m│[39m  /var/folders/h1/d9q_vw9j30j11t14_4z0pg_m0000gn/T/chromatic--67869-eJSZEjtgP7pV
[90m│[39m
[90m└[39m  Storybook build completed successfully

